---
source: tests/schema.rs
expression: "String::from_utf8_lossy(&output.stdout)"
---
{
  "$schema": "https://json-schema.org/draft/2020-12/schema",
  "title": "Command",
  "description": "A deserializable representation of a Clap command.\n\n# Example\n\n```rust\nuse claptrap::Command;\n# fn main() -> Result<(), Box<dyn std::error::Error>> {\nlet spec = r#\"\n    name = \"myapp\"\n    version = \"1.0.0\"\n    about = \"An example application\"\n    [args]\n    cfg = { short = 'c', long = \"config\", required = true }\n \"#;\nlet cmd: Command = toml::from_str(spec)?;\nlet clap_cmd = clap::Command::from(cmd);\nlet matches = clap_cmd.try_get_matches_from(vec![\"myapp\", \"--config\", \"config.toml\"])?;\nassert_eq!(matches.get_one::<String>(\"cfg\"), Some(&\"config.toml\".to_string()));\n# Ok(())\n# }\n```\n\nSee the Clap [`Command`](https://docs.rs/clap/latest/clap/struct.Command.html) documentation.",
  "type": "object",
  "properties": {
    "name": {
      "type": "string"
    },
    "args": {
      "type": [
        "object",
        "null"
      ],
      "additionalProperties": {
        "$ref": "#/$defs/Arg"
      }
    },
    "subcommands": {
      "type": "array",
      "items": {
        "$ref": "#"
      }
    },
    "groups": {
      "type": [
        "object",
        "null"
      ],
      "additionalProperties": {
        "$ref": "#/$defs/ArgGroup"
      }
    },
    "no-binary-name": {
      "type": [
        "boolean",
        "null"
      ]
    },
    "ignore-errors": {
      "type": [
        "boolean",
        "null"
      ]
    },
    "args-override-self": {
      "type": [
        "boolean",
        "null"
      ]
    },
    "dont-delimit-trailing-values": {
      "type": [
        "boolean",
        "null"
      ]
    },
    "color": {
      "anyOf": [
        {
          "$ref": "#/$defs/ColorChoice"
        },
        {
          "type": "null"
        }
      ]
    },
    "styles": {
      "anyOf": [
        {
          "$ref": "#/$defs/Styles"
        },
        {
          "type": "null"
        }
      ]
    },
    "term-width": {
      "type": [
        "integer",
        "null"
      ],
      "format": "uint",
      "minimum": 0
    },
    "max-term-width": {
      "type": [
        "integer",
        "null"
      ],
      "format": "uint",
      "minimum": 0
    },
    "disable-version-flag": {
      "type": [
        "boolean",
        "null"
      ]
    },
    "propagate-version": {
      "type": [
        "boolean",
        "null"
      ]
    },
    "next-line-help": {
      "type": [
        "boolean",
        "null"
      ]
    },
    "disable-help-flag": {
      "type": [
        "boolean",
        "null"
      ]
    },
    "disable-help-subcommand": {
      "type": [
        "boolean",
        "null"
      ]
    },
    "disable-colored-help": {
      "type": [
        "boolean",
        "null"
      ]
    },
    "help-expected": {
      "type": [
        "boolean",
        "null"
      ]
    },
    "hide-possible-values": {
      "type": [
        "boolean",
        "null"
      ]
    },
    "infer-long-args": {
      "type": [
        "boolean",
        "null"
      ]
    },
    "infer-subcommands": {
      "type": [
        "boolean",
        "null"
      ]
    },
    "bin-name": {
      "type": [
        "string",
        "null"
      ]
    },
    "display-name": {
      "type": [
        "string",
        "null"
      ]
    },
    "author": {
      "type": [
        "string",
        "null"
      ]
    },
    "about": {
      "type": [
        "string",
        "null"
      ]
    },
    "long-about": {
      "type": [
        "string",
        "null"
      ]
    },
    "after-help": {
      "type": [
        "string",
        "null"
      ]
    },
    "after-long-help": {
      "type": [
        "string",
        "null"
      ]
    },
    "before-help": {
      "type": [
        "string",
        "null"
      ]
    },
    "before-long-help": {
      "type": [
        "string",
        "null"
      ]
    },
    "version": {
      "type": [
        "string",
        "null"
      ]
    },
    "long-version": {
      "type": [
        "string",
        "null"
      ]
    },
    "override-usage": {
      "type": [
        "string",
        "null"
      ]
    },
    "override-help": {
      "type": [
        "string",
        "null"
      ]
    },
    "help-template": {
      "type": [
        "string",
        "null"
      ]
    },
    "flatten-help": {
      "type": [
        "boolean",
        "null"
      ]
    },
    "next-help-heading": {
      "type": [
        "string",
        "null"
      ]
    },
    "next-display-order": {
      "type": [
        "integer",
        "null"
      ],
      "format": "uint",
      "minimum": 0
    },
    "arg-required-else-help": {
      "type": [
        "boolean",
        "null"
      ]
    },
    "allow-missing-positional": {
      "type": [
        "boolean",
        "null"
      ]
    },
    "short-flag": {
      "type": [
        "string",
        "null"
      ],
      "minLength": 1,
      "maxLength": 1
    },
    "long-flag": {
      "type": [
        "string",
        "null"
      ]
    },
    "alias": {
      "type": [
        "string",
        "null"
      ]
    },
    "short-flag-alias": {
      "type": [
        "string",
        "null"
      ],
      "minLength": 1,
      "maxLength": 1
    },
    "long-flag-alias": {
      "type": [
        "string",
        "null"
      ]
    },
    "aliases": {
      "type": [
        "array",
        "null"
      ],
      "items": {
        "type": "string"
      }
    },
    "short-flag-aliases": {
      "type": [
        "array",
        "null"
      ],
      "items": {
        "type": "string",
        "minLength": 1,
        "maxLength": 1
      }
    },
    "long-flag-aliases": {
      "type": [
        "array",
        "null"
      ],
      "items": {
        "type": "string"
      }
    },
    "visible-alias": {
      "type": [
        "string",
        "null"
      ]
    },
    "visible-short-flag-alias": {
      "type": [
        "string",
        "null"
      ],
      "minLength": 1,
      "maxLength": 1
    },
    "visible-long-flag-alias": {
      "type": [
        "string",
        "null"
      ]
    },
    "visible-aliases": {
      "type": [
        "array",
        "null"
      ],
      "items": {
        "type": "string"
      }
    },
    "visible-short-flag-aliases": {
      "type": [
        "array",
        "null"
      ],
      "items": {
        "type": "string",
        "minLength": 1,
        "maxLength": 1
      }
    },
    "visible-long-flag-aliases": {
      "type": [
        "array",
        "null"
      ],
      "items": {
        "type": "string"
      }
    },
    "display-order": {
      "type": [
        "integer",
        "null"
      ],
      "format": "uint",
      "minimum": 0
    },
    "hide": {
      "type": [
        "boolean",
        "null"
      ]
    },
    "subcommand-required": {
      "type": [
        "boolean",
        "null"
      ]
    },
    "allow-external-subcommands": {
      "type": [
        "boolean",
        "null"
      ]
    },
    "external-subcommand-value-parser": {
      "anyOf": [
        {
          "$ref": "#/$defs/ValueParser"
        },
        {
          "type": "null"
        }
      ]
    },
    "args-conflicts-with-subcommands": {
      "type": [
        "boolean",
        "null"
      ]
    },
    "subcommand-precedence-over-arg": {
      "type": [
        "boolean",
        "null"
      ]
    },
    "subcommand-negates-reqs": {
      "type": [
        "boolean",
        "null"
      ]
    },
    "multicall": {
      "type": [
        "boolean",
        "null"
      ]
    },
    "subcommand-value-name": {
      "type": [
        "string",
        "null"
      ]
    },
    "subcommand-help-heading": {
      "type": [
        "string",
        "null"
      ]
    }
  },
  "additionalProperties": false,
  "required": [
    "name"
  ],
  "$defs": {
    "Arg": {
      "description": "Represents a command line argument configuration.",
      "type": "object",
      "properties": {
        "short": {
          "type": [
            "string",
            "null"
          ],
          "minLength": 1,
          "maxLength": 1
        },
        "long": {
          "type": [
            "string",
            "null"
          ]
        },
        "alias": {
          "type": [
            "string",
            "null"
          ]
        },
        "short-alias": {
          "type": [
            "string",
            "null"
          ],
          "minLength": 1,
          "maxLength": 1
        },
        "aliases": {
          "type": [
            "array",
            "null"
          ],
          "items": {
            "type": "string"
          }
        },
        "short-aliases": {
          "type": [
            "array",
            "null"
          ],
          "items": {
            "type": "string",
            "minLength": 1,
            "maxLength": 1
          }
        },
        "visible-alias": {
          "type": [
            "string",
            "null"
          ]
        },
        "visible-short-alias": {
          "type": [
            "string",
            "null"
          ],
          "minLength": 1,
          "maxLength": 1
        },
        "visible-aliases": {
          "type": [
            "array",
            "null"
          ],
          "items": {
            "type": "string"
          }
        },
        "visible-short-aliases": {
          "type": [
            "array",
            "null"
          ],
          "items": {
            "type": "string",
            "minLength": 1,
            "maxLength": 1
          }
        },
        "index": {
          "type": [
            "integer",
            "null"
          ],
          "format": "uint",
          "minimum": 0
        },
        "trailing-var-arg": {
          "type": [
            "boolean",
            "null"
          ]
        },
        "last": {
          "type": [
            "boolean",
            "null"
          ]
        },
        "required": {
          "type": [
            "boolean",
            "null"
          ]
        },
        "requires": {
          "type": [
            "string",
            "null"
          ]
        },
        "exclusive": {
          "type": [
            "boolean",
            "null"
          ]
        },
        "global": {
          "type": [
            "boolean",
            "null"
          ]
        },
        "action": {
          "anyOf": [
            {
              "$ref": "#/$defs/ArgAction"
            },
            {
              "type": "null"
            }
          ]
        },
        "value-parser": {
          "anyOf": [
            {
              "$ref": "#/$defs/ValueParser"
            },
            {
              "type": "null"
            }
          ]
        },
        "num-args": {
          "anyOf": [
            {
              "$ref": "#/$defs/NumArgs"
            },
            {
              "type": "null"
            }
          ]
        },
        "value-name": {
          "type": [
            "string",
            "null"
          ]
        },
        "value-names": {
          "type": [
            "array",
            "null"
          ],
          "items": {
            "type": "string"
          }
        },
        "value-hint": {
          "anyOf": [
            {
              "$ref": "#/$defs/ValueHint"
            },
            {
              "type": "null"
            }
          ]
        },
        "ignore-case": {
          "type": [
            "boolean",
            "null"
          ]
        },
        "allow-hyphen-values": {
          "type": [
            "boolean",
            "null"
          ]
        },
        "allow-negative-numbers": {
          "type": [
            "boolean",
            "null"
          ]
        },
        "require-equals": {
          "type": [
            "boolean",
            "null"
          ]
        },
        "value-delimiter": {
          "type": [
            "string",
            "null"
          ],
          "minLength": 1,
          "maxLength": 1
        },
        "value-terminator": {
          "type": [
            "string",
            "null"
          ]
        },
        "raw": {
          "type": [
            "boolean",
            "null"
          ]
        },
        "default-value": {
          "type": [
            "string",
            "null"
          ]
        },
        "default-values": {
          "type": [
            "array",
            "null"
          ],
          "items": {
            "type": "string"
          }
        },
        "default-missing-value": {
          "type": [
            "string",
            "null"
          ]
        },
        "default-missing-value-os": {
          "type": [
            "string",
            "null"
          ]
        },
        "default-missing-values": {
          "type": [
            "array",
            "null"
          ],
          "items": {
            "type": "string"
          }
        },
        "default-missing-values-os": {
          "type": [
            "array",
            "null"
          ],
          "items": {
            "type": "string"
          }
        },
        "env": {
          "type": [
            "string",
            "null"
          ]
        },
        "help": {
          "type": [
            "string",
            "null"
          ]
        },
        "long-help": {
          "type": [
            "string",
            "null"
          ]
        },
        "display-order": {
          "type": [
            "integer",
            "null"
          ],
          "format": "uint",
          "minimum": 0
        },
        "help-heading": {
          "type": [
            "string",
            "null"
          ]
        },
        "next-line-help": {
          "type": [
            "boolean",
            "null"
          ]
        },
        "hide": {
          "type": [
            "boolean",
            "null"
          ]
        },
        "hide-possible-values": {
          "type": [
            "boolean",
            "null"
          ]
        },
        "hide-default-value": {
          "type": [
            "boolean",
            "null"
          ]
        },
        "hide-env": {
          "type": [
            "boolean",
            "null"
          ]
        },
        "hide-env-values": {
          "type": [
            "boolean",
            "null"
          ]
        },
        "hide-short-help": {
          "type": [
            "boolean",
            "null"
          ]
        },
        "hide-long-help": {
          "type": [
            "boolean",
            "null"
          ]
        },
        "group": {
          "type": [
            "string",
            "null"
          ]
        },
        "groups": {
          "type": [
            "array",
            "null"
          ],
          "items": {
            "type": "string"
          }
        },
        "default-value-if": {
          "anyOf": [
            {
              "$ref": "#/$defs/DefaultIf"
            },
            {
              "type": "null"
            }
          ]
        },
        "default-value-ifs": {
          "type": [
            "array",
            "null"
          ],
          "items": {
            "$ref": "#/$defs/DefaultIf"
          }
        },
        "required-unless-present": {
          "type": [
            "string",
            "null"
          ]
        },
        "required-unless-present-all": {
          "type": [
            "array",
            "null"
          ],
          "items": {
            "type": "string"
          }
        },
        "required-unless-present-any": {
          "type": [
            "array",
            "null"
          ],
          "items": {
            "type": "string"
          }
        },
        "required-if-eq": {
          "anyOf": [
            {
              "$ref": "#/$defs/IfEq"
            },
            {
              "type": "null"
            }
          ]
        },
        "required-if-eq-any": {
          "type": [
            "array",
            "null"
          ],
          "items": {
            "$ref": "#/$defs/IfEq"
          }
        },
        "required-if-eq-all": {
          "type": [
            "array",
            "null"
          ],
          "items": {
            "$ref": "#/$defs/IfEq"
          }
        },
        "requires-if": {
          "anyOf": [
            {
              "$ref": "#/$defs/RequiresIf"
            },
            {
              "type": "null"
            }
          ]
        },
        "requires-ifs": {
          "type": [
            "array",
            "null"
          ],
          "items": {
            "$ref": "#/$defs/RequiresIf"
          }
        },
        "conflicts-with": {
          "type": [
            "string",
            "null"
          ]
        },
        "conflicts-with-all": {
          "type": [
            "array",
            "null"
          ],
          "items": {
            "type": "string"
          }
        },
        "overrides-with": {
          "type": [
            "string",
            "null"
          ]
        },
        "overrides-with-all": {
          "type": [
            "array",
            "null"
          ],
          "items": {
            "type": "string"
          }
        }
      },
      "additionalProperties": false
    },
    "ArgAction": {
      "type": "string",
      "enum": [
        "set",
        "append",
        "count",
        "set-true",
        "set-false",
        "help",
        "help-short",
        "help-long",
        "version"
      ]
    },
    "ValueParser": {
      "oneOf": [
        {
          "type": "string",
          "enum": [
            "Bool",
            "Boolish",
            "Falsey",
            "String",
            "U8",
            "U16",
            "U32",
            "U64",
            "U128",
            "Usize",
            "I8",
            "I16",
            "I32",
            "I64",
            "I128",
            "Isize",
            "F32",
            "F64"
          ]
        },
        {
          "type": "object",
          "properties": {
            "PossibleValues": {
              "type": "array",
              "items": {
                "type": "string"
              }
            }
          },
          "required": [
            "PossibleValues"
          ],
          "additionalProperties": false
        }
      ]
    },
    "NumArgs": {
      "anyOf": [
        {
          "type": "integer"
        },
        {
          "type": "string"
        }
      ]
    },
    "ValueHint": {
      "type": "string",
      "enum": [
        "unknown",
        "other",
        "any-path",
        "file-path",
        "dir-path",
        "executable-path",
        "command-name",
        "command-string",
        "command-with-arguments",
        "username",
        "hostname",
        "url",
        "email-address"
      ]
    },
    "DefaultIf": {
      "type": "object",
      "properties": {
        "arg": {
          "type": "string"
        },
        "value": {
          "type": [
            "string",
            "null"
          ]
        },
        "default": {
          "type": [
            "string",
            "null"
          ]
        }
      },
      "additionalProperties": false,
      "required": [
        "arg"
      ]
    },
    "IfEq": {
      "type": "object",
      "properties": {
        "arg": {
          "type": "string"
        },
        "value": {
          "type": "string"
        }
      },
      "additionalProperties": false,
      "required": [
        "arg",
        "value"
      ]
    },
    "RequiresIf": {
      "type": "object",
      "properties": {
        "arg": {
          "type": "string"
        },
        "value": {
          "type": [
            "string",
            "null"
          ]
        }
      },
      "additionalProperties": false,
      "required": [
        "arg"
      ]
    },
    "ArgGroup": {
      "type": "object",
      "properties": {
        "args": {
          "type": [
            "array",
            "null"
          ],
          "items": {
            "type": "string"
          }
        },
        "multiple": {
          "type": [
            "boolean",
            "null"
          ]
        },
        "required": {
          "type": [
            "boolean",
            "null"
          ]
        },
        "requires": {
          "type": [
            "string",
            "null"
          ]
        },
        "requires-all": {
          "type": [
            "array",
            "null"
          ],
          "items": {
            "type": "string"
          }
        },
        "conflicts-with": {
          "type": [
            "string",
            "null"
          ]
        },
        "conflicts-with-all": {
          "type": [
            "array",
            "null"
          ],
          "items": {
            "type": "string"
          }
        }
      },
      "additionalProperties": false
    },
    "ColorChoice": {
      "type": "string",
      "enum": [
        "auto",
        "always",
        "never"
      ]
    },
    "Styles": {
      "type": "object",
      "properties": {
        "header": {
          "anyOf": [
            {
              "$ref": "#/$defs/Style"
            },
            {
              "type": "null"
            }
          ]
        },
        "error": {
          "anyOf": [
            {
              "$ref": "#/$defs/Style"
            },
            {
              "type": "null"
            }
          ]
        },
        "usage": {
          "anyOf": [
            {
              "$ref": "#/$defs/Style"
            },
            {
              "type": "null"
            }
          ]
        },
        "literal": {
          "anyOf": [
            {
              "$ref": "#/$defs/Style"
            },
            {
              "type": "null"
            }
          ]
        },
        "placeholder": {
          "anyOf": [
            {
              "$ref": "#/$defs/Style"
            },
            {
              "type": "null"
            }
          ]
        },
        "valid": {
          "anyOf": [
            {
              "$ref": "#/$defs/Style"
            },
            {
              "type": "null"
            }
          ]
        },
        "invalid": {
          "anyOf": [
            {
              "$ref": "#/$defs/Style"
            },
            {
              "type": "null"
            }
          ]
        },
        "context": {
          "anyOf": [
            {
              "$ref": "#/$defs/Style"
            },
            {
              "type": "null"
            }
          ]
        },
        "context-value": {
          "anyOf": [
            {
              "$ref": "#/$defs/Style"
            },
            {
              "type": "null"
            }
          ]
        }
      },
      "additionalProperties": false
    },
    "Style": {
      "type": "object",
      "properties": {
        "fg": {
          "anyOf": [
            {
              "$ref": "#/$defs/Color"
            },
            {
              "type": "null"
            }
          ]
        },
        "bg": {
          "anyOf": [
            {
              "$ref": "#/$defs/Color"
            },
            {
              "type": "null"
            }
          ]
        },
        "underline": {
          "anyOf": [
            {
              "$ref": "#/$defs/Color"
            },
            {
              "type": "null"
            }
          ]
        },
        "effects": {
          "anyOf": [
            {
              "$ref": "#/$defs/Effects"
            },
            {
              "type": "null"
            }
          ]
        }
      },
      "additionalProperties": false
    },
    "Color": {
      "oneOf": [
        {
          "type": "object",
          "properties": {
            "Ansi": {
              "$ref": "#/$defs/AnsiColor"
            }
          },
          "required": [
            "Ansi"
          ],
          "additionalProperties": false
        },
        {
          "type": "object",
          "properties": {
            "Ansi256": {
              "$ref": "#/$defs/Ansi256Color"
            }
          },
          "required": [
            "Ansi256"
          ],
          "additionalProperties": false
        },
        {
          "type": "object",
          "properties": {
            "Rgb": {
              "$ref": "#/$defs/RgbColor"
            }
          },
          "required": [
            "Rgb"
          ],
          "additionalProperties": false
        }
      ]
    },
    "AnsiColor": {
      "type": "string",
      "enum": [
        "black",
        "red",
        "green",
        "yellow",
        "blue",
        "magenta",
        "cyan",
        "white",
        "bright-black",
        "bright-red",
        "bright-green",
        "bright-yellow",
        "bright-blue",
        "bright-magenta",
        "bright-cyan",
        "bright-white"
      ]
    },
    "Ansi256Color": {
      "type": "integer",
      "format": "uint8",
      "minimum": 0,
      "maximum": 255
    },
    "RgbColor": {
      "type": "array",
      "prefixItems": [
        {
          "type": "integer",
          "format": "uint8",
          "minimum": 0,
          "maximum": 255
        },
        {
          "type": "integer",
          "format": "uint8",
          "minimum": 0,
          "maximum": 255
        },
        {
          "type": "integer",
          "format": "uint8",
          "minimum": 0,
          "maximum": 255
        }
      ],
      "minItems": 3,
      "maxItems": 3
    },
    "Effects": {
      "type": "array",
      "items": {
        "$ref": "#/$defs/Effect"
      }
    },
    "Effect": {
      "type": "string",
      "enum": [
        "bold",
        "dimmed",
        "italic",
        "underline",
        "double-underline",
        "curly-underline",
        "dotted-underline",
        "dashed-underline",
        "blink",
        "invert",
        "hidden",
        "strikethrough"
      ]
    }
  }
}
